[0.121s] DEBUG:colcon:Command line arguments: ['/usr/bin/colcon', 'build']
[0.121s] DEBUG:colcon:Parsed command line arguments: Namespace(log_base=None, log_level=None, verb_name='build', build_base='build', install_base='install', merge_install=False, symlink_install=False, test_result_base=None, continue_on_error=False, executor='parallel', parallel_workers=12, event_handlers=None, ignore_user_meta=False, metas=['./colcon.meta'], base_paths=['.'], packages_ignore=None, packages_ignore_regex=None, paths=None, packages_up_to=None, packages_up_to_regex=None, packages_above=None, packages_above_and_dependencies=None, packages_above_depth=None, packages_select_by_dep=None, packages_skip_by_dep=None, packages_skip_up_to=None, packages_select_build_failed=False, packages_skip_build_finished=False, packages_select_test_failures=False, packages_skip_test_passed=False, packages_select=None, packages_skip=None, packages_select_regex=None, packages_skip_regex=None, packages_start=None, packages_end=None, cmake_args=None, cmake_target=None, cmake_target_skip_unavailable=False, cmake_clean_cache=False, cmake_clean_first=False, cmake_force_configure=False, ament_cmake_args=None, catkin_cmake_args=None, catkin_skip_building_tests=False, verb_parser=<colcon_defaults.argument_parser.defaults.DefaultArgumentsDecorator object at 0x7791ca8cd9d0>, verb_extension=<colcon_core.verb.build.BuildVerb object at 0x7791caa4dd30>, main=<bound method BuildVerb.main of <colcon_core.verb.build.BuildVerb object at 0x7791caa4dd30>>)
[0.167s] Level 1:colcon.colcon_core.package_discovery:discover_packages(colcon_meta) check parameters
[0.168s] Level 1:colcon.colcon_core.package_discovery:discover_packages(recursive) check parameters
[0.168s] Level 1:colcon.colcon_core.package_discovery:discover_packages(ignore) check parameters
[0.168s] Level 1:colcon.colcon_core.package_discovery:discover_packages(path) check parameters
[0.168s] Level 1:colcon.colcon_core.package_discovery:discover_packages(colcon_meta) discover
[0.168s] Level 1:colcon.colcon_core.package_discovery:discover_packages(recursive) discover
[0.168s] INFO:colcon.colcon_core.package_discovery:Crawling recursively for packages in '/home/yorch/Documentos/archivos_de_programas/robotica/robotic_arm_cell_holder'
[0.168s] Level 1:colcon.colcon_core.package_identification:_identify(.) by extensions ['ignore', 'ignore_ament_install']
[0.168s] Level 1:colcon.colcon_core.package_identification:_identify(.) by extension 'ignore'
[0.168s] Level 1:colcon.colcon_core.package_identification:_identify(.) by extension 'ignore_ament_install'
[0.168s] Level 1:colcon.colcon_core.package_identification:_identify(.) by extensions ['colcon_pkg']
[0.168s] Level 1:colcon.colcon_core.package_identification:_identify(.) by extension 'colcon_pkg'
[0.169s] Level 1:colcon.colcon_core.package_identification:_identify(.) by extensions ['colcon_meta']
[0.169s] Level 1:colcon.colcon_core.package_identification:_identify(.) by extension 'colcon_meta'
[0.169s] Level 1:colcon.colcon_core.package_identification:_identify(.) by extensions ['ros']
[0.169s] Level 1:colcon.colcon_core.package_identification:_identify(.) by extension 'ros'
[0.201s] Level 1:colcon.colcon_core.package_identification:_identify(.) by extensions ['cmake', 'python']
[0.202s] Level 1:colcon.colcon_core.package_identification:_identify(.) by extension 'cmake'
[0.202s] Level 1:colcon.colcon_core.package_identification:_identify(.) by extension 'python'
[0.202s] Level 1:colcon.colcon_core.package_identification:_identify(.) by extensions ['python_setup_py']
[0.202s] Level 1:colcon.colcon_core.package_identification:_identify(.) by extension 'python_setup_py'
[0.202s] Level 1:colcon.colcon_core.package_identification:_identify(build) by extensions ['ignore', 'ignore_ament_install']
[0.202s] Level 1:colcon.colcon_core.package_identification:_identify(build) by extension 'ignore'
[0.202s] Level 1:colcon.colcon_core.package_identification:_identify(build) ignored
[0.202s] Level 1:colcon.colcon_core.package_identification:_identify(install) by extensions ['ignore', 'ignore_ament_install']
[0.202s] Level 1:colcon.colcon_core.package_identification:_identify(install) by extension 'ignore'
[0.203s] Level 1:colcon.colcon_core.package_identification:_identify(install) ignored
[0.203s] Level 1:colcon.colcon_core.package_identification:_identify(log) by extensions ['ignore', 'ignore_ament_install']
[0.203s] Level 1:colcon.colcon_core.package_identification:_identify(log) by extension 'ignore'
[0.203s] Level 1:colcon.colcon_core.package_identification:_identify(log) ignored
[0.203s] Level 1:colcon.colcon_core.package_identification:_identify(src) by extensions ['ignore', 'ignore_ament_install']
[0.203s] Level 1:colcon.colcon_core.package_identification:_identify(src) by extension 'ignore'
[0.203s] Level 1:colcon.colcon_core.package_identification:_identify(src) by extension 'ignore_ament_install'
[0.203s] Level 1:colcon.colcon_core.package_identification:_identify(src) by extensions ['colcon_pkg']
[0.203s] Level 1:colcon.colcon_core.package_identification:_identify(src) by extension 'colcon_pkg'
[0.203s] Level 1:colcon.colcon_core.package_identification:_identify(src) by extensions ['colcon_meta']
[0.203s] Level 1:colcon.colcon_core.package_identification:_identify(src) by extension 'colcon_meta'
[0.203s] Level 1:colcon.colcon_core.package_identification:_identify(src) by extensions ['ros']
[0.203s] Level 1:colcon.colcon_core.package_identification:_identify(src) by extension 'ros'
[0.203s] Level 1:colcon.colcon_core.package_identification:_identify(src) by extensions ['cmake', 'python']
[0.204s] Level 1:colcon.colcon_core.package_identification:_identify(src) by extension 'cmake'
[0.204s] Level 1:colcon.colcon_core.package_identification:_identify(src) by extension 'python'
[0.204s] Level 1:colcon.colcon_core.package_identification:_identify(src) by extensions ['python_setup_py']
[0.204s] Level 1:colcon.colcon_core.package_identification:_identify(src) by extension 'python_setup_py'
[0.204s] Level 1:colcon.colcon_core.package_identification:_identify(src/arm_description) by extensions ['ignore', 'ignore_ament_install']
[0.204s] Level 1:colcon.colcon_core.package_identification:_identify(src/arm_description) by extension 'ignore'
[0.204s] Level 1:colcon.colcon_core.package_identification:_identify(src/arm_description) by extension 'ignore_ament_install'
[0.204s] Level 1:colcon.colcon_core.package_identification:_identify(src/arm_description) by extensions ['colcon_pkg']
[0.204s] Level 1:colcon.colcon_core.package_identification:_identify(src/arm_description) by extension 'colcon_pkg'
[0.204s] Level 1:colcon.colcon_core.package_identification:_identify(src/arm_description) by extensions ['colcon_meta']
[0.204s] Level 1:colcon.colcon_core.package_identification:_identify(src/arm_description) by extension 'colcon_meta'
[0.204s] Level 1:colcon.colcon_core.package_identification:_identify(src/arm_description) by extensions ['ros']
[0.204s] Level 1:colcon.colcon_core.package_identification:_identify(src/arm_description) by extension 'ros'
[0.208s] DEBUG:colcon.colcon_core.package_identification:Package 'src/arm_description' with type 'ros.ament_cmake' and name 'arm_description'
[0.208s] Level 1:colcon.colcon_core.package_discovery:discover_packages(recursive) using defaults
[0.208s] Level 1:colcon.colcon_core.package_discovery:discover_packages(ignore) discover
[0.208s] Level 1:colcon.colcon_core.package_discovery:discover_packages(ignore) using defaults
[0.208s] Level 1:colcon.colcon_core.package_discovery:discover_packages(path) discover
[0.208s] Level 1:colcon.colcon_core.package_discovery:discover_packages(path) using defaults
[0.232s] Level 5:colcon.colcon_core.verb:set package 'arm_description' build argument 'cmake_args' from command line to 'None'
[0.232s] Level 5:colcon.colcon_core.verb:set package 'arm_description' build argument 'cmake_target' from command line to 'None'
[0.232s] Level 5:colcon.colcon_core.verb:set package 'arm_description' build argument 'cmake_target_skip_unavailable' from command line to 'False'
[0.232s] Level 5:colcon.colcon_core.verb:set package 'arm_description' build argument 'cmake_clean_cache' from command line to 'False'
[0.232s] Level 5:colcon.colcon_core.verb:set package 'arm_description' build argument 'cmake_clean_first' from command line to 'False'
[0.232s] Level 5:colcon.colcon_core.verb:set package 'arm_description' build argument 'cmake_force_configure' from command line to 'False'
[0.232s] Level 5:colcon.colcon_core.verb:set package 'arm_description' build argument 'ament_cmake_args' from command line to 'None'
[0.232s] Level 5:colcon.colcon_core.verb:set package 'arm_description' build argument 'catkin_cmake_args' from command line to 'None'
[0.232s] Level 5:colcon.colcon_core.verb:set package 'arm_description' build argument 'catkin_skip_building_tests' from command line to 'False'
[0.232s] DEBUG:colcon.colcon_core.verb:Building package 'arm_description' with the following arguments: {'ament_cmake_args': None, 'build_base': '/home/yorch/Documentos/archivos_de_programas/robotica/robotic_arm_cell_holder/build/arm_description', 'catkin_cmake_args': None, 'catkin_skip_building_tests': False, 'cmake_args': None, 'cmake_clean_cache': False, 'cmake_clean_first': False, 'cmake_force_configure': False, 'cmake_target': None, 'cmake_target_skip_unavailable': False, 'install_base': '/home/yorch/Documentos/archivos_de_programas/robotica/robotic_arm_cell_holder/install/arm_description', 'merge_install': False, 'path': '/home/yorch/Documentos/archivos_de_programas/robotica/robotic_arm_cell_holder/src/arm_description', 'symlink_install': False, 'test_result_base': None}
[0.232s] INFO:colcon.colcon_core.executor:Executing jobs using 'parallel' executor
[0.233s] DEBUG:colcon.colcon_parallel_executor.executor.parallel:run_until_complete
[0.234s] INFO:colcon.colcon_ros.task.ament_cmake.build:Building ROS package in '/home/yorch/Documentos/archivos_de_programas/robotica/robotic_arm_cell_holder/src/arm_description' with build type 'ament_cmake'
[0.234s] INFO:colcon.colcon_cmake.task.cmake.build:Building CMake package in '/home/yorch/Documentos/archivos_de_programas/robotica/robotic_arm_cell_holder/src/arm_description'
[0.237s] INFO:colcon.colcon_core.plugin_system:Skipping extension 'colcon_core.shell.bat': Not used on non-Windows systems
[0.237s] DEBUG:colcon.colcon_core.shell:Skip shell extension 'dsv' for command environment
[0.251s] DEBUG:colcon.colcon_core.event_handler.log_command:Invoking command in '/home/yorch/Documentos/archivos_de_programas/robotica/robotic_arm_cell_holder/build/arm_description': CMAKE_PREFIX_PATH=${CMAKE_PREFIX_PATH}:/opt/ros/jazzy DEBUGINFOD_URLS=https://debuginfod.ubuntu.com /usr/bin/cmake --build /home/yorch/Documentos/archivos_de_programas/robotica/robotic_arm_cell_holder/build/arm_description -- -j12 -l12
[0.314s] DEBUG:colcon.colcon_core.event_handler.log_command:Invoked command in '/home/yorch/Documentos/archivos_de_programas/robotica/robotic_arm_cell_holder/build/arm_description' returned '0': CMAKE_PREFIX_PATH=${CMAKE_PREFIX_PATH}:/opt/ros/jazzy DEBUGINFOD_URLS=https://debuginfod.ubuntu.com /usr/bin/cmake --build /home/yorch/Documentos/archivos_de_programas/robotica/robotic_arm_cell_holder/build/arm_description -- -j12 -l12
[0.336s] DEBUG:colcon.colcon_core.event_handler.log_command:Invoking command in '/home/yorch/Documentos/archivos_de_programas/robotica/robotic_arm_cell_holder/build/arm_description': CMAKE_PREFIX_PATH=${CMAKE_PREFIX_PATH}:/opt/ros/jazzy DEBUGINFOD_URLS=https://debuginfod.ubuntu.com /usr/bin/cmake --install /home/yorch/Documentos/archivos_de_programas/robotica/robotic_arm_cell_holder/build/arm_description
[0.354s] Level 1:colcon.colcon_core.environment:create_environment_scripts_only(arm_description)
[0.355s] DEBUG:colcon.colcon_core.event_handler.log_command:Invoked command in '/home/yorch/Documentos/archivos_de_programas/robotica/robotic_arm_cell_holder/build/arm_description' returned '0': CMAKE_PREFIX_PATH=${CMAKE_PREFIX_PATH}:/opt/ros/jazzy DEBUGINFOD_URLS=https://debuginfod.ubuntu.com /usr/bin/cmake --install /home/yorch/Documentos/archivos_de_programas/robotica/robotic_arm_cell_holder/build/arm_description
[0.358s] Level 1:colcon.colcon_core.environment:checking '/home/yorch/Documentos/archivos_de_programas/robotica/robotic_arm_cell_holder/install/arm_description' for CMake module files
[0.359s] Level 1:colcon.colcon_core.environment:checking '/home/yorch/Documentos/archivos_de_programas/robotica/robotic_arm_cell_holder/install/arm_description' for CMake config files
[0.359s] Level 1:colcon.colcon_core.shell:create_environment_hook('arm_description', 'cmake_prefix_path')
[0.360s] INFO:colcon.colcon_core.shell:Creating environment descriptor '/home/yorch/Documentos/archivos_de_programas/robotica/robotic_arm_cell_holder/install/arm_description/share/arm_description/hook/cmake_prefix_path.dsv'
[0.360s] INFO:colcon.colcon_core.shell:Creating environment hook '/home/yorch/Documentos/archivos_de_programas/robotica/robotic_arm_cell_holder/install/arm_description/share/arm_description/hook/cmake_prefix_path.sh'
[0.362s] Level 1:colcon.colcon_core.environment:checking '/home/yorch/Documentos/archivos_de_programas/robotica/robotic_arm_cell_holder/install/arm_description/bin'
[0.362s] Level 1:colcon.colcon_core.environment:checking '/home/yorch/Documentos/archivos_de_programas/robotica/robotic_arm_cell_holder/install/arm_description/lib/pkgconfig/arm_description.pc'
[0.365s] Level 1:colcon.colcon_core.environment:checking '/home/yorch/Documentos/archivos_de_programas/robotica/robotic_arm_cell_holder/install/arm_description/lib/python3.12/site-packages'
[0.366s] Level 1:colcon.colcon_core.environment:checking '/home/yorch/Documentos/archivos_de_programas/robotica/robotic_arm_cell_holder/install/arm_description/bin'
[0.366s] INFO:colcon.colcon_core.shell:Creating package descriptor '/home/yorch/Documentos/archivos_de_programas/robotica/robotic_arm_cell_holder/install/arm_description/share/arm_description/package.dsv'
[0.367s] INFO:colcon.colcon_core.shell:Creating package script '/home/yorch/Documentos/archivos_de_programas/robotica/robotic_arm_cell_holder/install/arm_description/share/arm_description/package.sh'
[0.368s] INFO:colcon.colcon_core.shell:Creating package script '/home/yorch/Documentos/archivos_de_programas/robotica/robotic_arm_cell_holder/install/arm_description/share/arm_description/package.bash'
[0.369s] INFO:colcon.colcon_core.shell:Creating package script '/home/yorch/Documentos/archivos_de_programas/robotica/robotic_arm_cell_holder/install/arm_description/share/arm_description/package.zsh'
[0.370s] Level 1:colcon.colcon_core.environment:create_file_with_runtime_dependencies(/home/yorch/Documentos/archivos_de_programas/robotica/robotic_arm_cell_holder/install/arm_description/share/colcon-core/packages/arm_description)
[0.371s] Level 1:colcon.colcon_core.environment:create_environment_scripts_only(arm_description)
[0.371s] Level 1:colcon.colcon_core.environment:checking '/home/yorch/Documentos/archivos_de_programas/robotica/robotic_arm_cell_holder/install/arm_description' for CMake module files
[0.372s] Level 1:colcon.colcon_core.environment:checking '/home/yorch/Documentos/archivos_de_programas/robotica/robotic_arm_cell_holder/install/arm_description' for CMake config files
[0.372s] Level 1:colcon.colcon_core.shell:create_environment_hook('arm_description', 'cmake_prefix_path')
[0.372s] INFO:colcon.colcon_core.shell:Creating environment descriptor '/home/yorch/Documentos/archivos_de_programas/robotica/robotic_arm_cell_holder/install/arm_description/share/arm_description/hook/cmake_prefix_path.dsv'
[0.373s] INFO:colcon.colcon_core.shell:Creating environment hook '/home/yorch/Documentos/archivos_de_programas/robotica/robotic_arm_cell_holder/install/arm_description/share/arm_description/hook/cmake_prefix_path.sh'
[0.374s] Level 1:colcon.colcon_core.environment:checking '/home/yorch/Documentos/archivos_de_programas/robotica/robotic_arm_cell_holder/install/arm_description/bin'
[0.374s] Level 1:colcon.colcon_core.environment:checking '/home/yorch/Documentos/archivos_de_programas/robotica/robotic_arm_cell_holder/install/arm_description/lib/pkgconfig/arm_description.pc'
[0.374s] Level 1:colcon.colcon_core.environment:checking '/home/yorch/Documentos/archivos_de_programas/robotica/robotic_arm_cell_holder/install/arm_description/lib/python3.12/site-packages'
[0.375s] Level 1:colcon.colcon_core.environment:checking '/home/yorch/Documentos/archivos_de_programas/robotica/robotic_arm_cell_holder/install/arm_description/bin'
[0.375s] INFO:colcon.colcon_core.shell:Creating package descriptor '/home/yorch/Documentos/archivos_de_programas/robotica/robotic_arm_cell_holder/install/arm_description/share/arm_description/package.dsv'
[0.376s] INFO:colcon.colcon_core.shell:Creating package script '/home/yorch/Documentos/archivos_de_programas/robotica/robotic_arm_cell_holder/install/arm_description/share/arm_description/package.sh'
[0.376s] INFO:colcon.colcon_core.shell:Creating package script '/home/yorch/Documentos/archivos_de_programas/robotica/robotic_arm_cell_holder/install/arm_description/share/arm_description/package.bash'
[0.377s] INFO:colcon.colcon_core.shell:Creating package script '/home/yorch/Documentos/archivos_de_programas/robotica/robotic_arm_cell_holder/install/arm_description/share/arm_description/package.zsh'
[0.378s] Level 1:colcon.colcon_core.environment:create_file_with_runtime_dependencies(/home/yorch/Documentos/archivos_de_programas/robotica/robotic_arm_cell_holder/install/arm_description/share/colcon-core/packages/arm_description)
[0.378s] DEBUG:colcon.colcon_parallel_executor.executor.parallel:closing loop
[0.378s] DEBUG:colcon.colcon_parallel_executor.executor.parallel:loop closed
[0.378s] DEBUG:colcon.colcon_parallel_executor.executor.parallel:run_until_complete finished with '0'
[0.378s] DEBUG:colcon.colcon_core.event_reactor:joining thread
[0.389s] INFO:colcon.colcon_core.plugin_system:Skipping extension 'colcon_notification.desktop_notification.terminal_notifier': Not used on non-Darwin systems
[0.389s] INFO:colcon.colcon_core.plugin_system:Skipping extension 'colcon_notification.desktop_notification.win32': Not used on non-Windows systems
[0.389s] INFO:colcon.colcon_notification.desktop_notification:Sending desktop notification using 'notify2'
[0.417s] DEBUG:colcon.colcon_core.event_reactor:joined thread
[0.417s] INFO:colcon.colcon_core.shell:Creating prefix script '/home/yorch/Documentos/archivos_de_programas/robotica/robotic_arm_cell_holder/install/local_setup.sh'
[0.418s] INFO:colcon.colcon_core.shell:Creating prefix util module '/home/yorch/Documentos/archivos_de_programas/robotica/robotic_arm_cell_holder/install/_local_setup_util_sh.py'
[0.419s] INFO:colcon.colcon_core.shell:Creating prefix chain script '/home/yorch/Documentos/archivos_de_programas/robotica/robotic_arm_cell_holder/install/setup.sh'
[0.420s] INFO:colcon.colcon_core.shell:Creating prefix script '/home/yorch/Documentos/archivos_de_programas/robotica/robotic_arm_cell_holder/install/local_setup.bash'
[0.421s] INFO:colcon.colcon_core.shell:Creating prefix chain script '/home/yorch/Documentos/archivos_de_programas/robotica/robotic_arm_cell_holder/install/setup.bash'
[0.422s] INFO:colcon.colcon_core.shell:Creating prefix script '/home/yorch/Documentos/archivos_de_programas/robotica/robotic_arm_cell_holder/install/local_setup.zsh'
[0.423s] INFO:colcon.colcon_core.shell:Creating prefix chain script '/home/yorch/Documentos/archivos_de_programas/robotica/robotic_arm_cell_holder/install/setup.zsh'
