[0.016s] Invoking command in '/home/yorch/Documentos/archivos_de_programas/robotica/robotic_arm_cell_holder/build/arm_description': CMAKE_PREFIX_PATH=${CMAKE_PREFIX_PATH}:/opt/ros/jazzy DEBUGINFOD_URLS=https://debuginfod.ubuntu.com /usr/bin/cmake /home/yorch/Documentos/archivos_de_programas/robotica/robotic_arm_cell_holder/src/arm_description -DCMAKE_INSTALL_PREFIX=/home/yorch/Documentos/archivos_de_programas/robotica/robotic_arm_cell_holder/install/arm_description
[0.150s] -- The C compiler identification is GNU 13.3.0
[0.246s] -- The CXX compiler identification is GNU 13.3.0
[0.265s] -- Detecting C compiler ABI info
[0.360s] -- Detecting C compiler ABI info - done
[0.371s] -- Check for working C compiler: /usr/bin/cc - skipped
[0.372s] -- Detecting C compile features
[0.372s] -- Detecting C compile features - done
[0.382s] -- Detecting CXX compiler ABI info
[0.475s] -- Detecting CXX compiler ABI info - done
[0.484s] -- Check for working CXX compiler: /usr/bin/c++ - skipped
[0.484s] -- Detecting CXX compile features
[0.485s] -- Detecting CXX compile features - done
[0.498s] -- Found ament_cmake: 2.5.6 (/opt/ros/jazzy/share/ament_cmake/cmake)
[0.632s] -- Found Python3: /usr/bin/python3 (found version "3.12.3") found components: Interpreter 
[0.849s] -- Configuring done (0.8s)
[0.852s] -- Generating done (0.0s)
[0.853s] -- Build files have been written to: /home/yorch/Documentos/archivos_de_programas/robotica/robotic_arm_cell_holder/build/arm_description
[0.857s] Invoked command in '/home/yorch/Documentos/archivos_de_programas/robotica/robotic_arm_cell_holder/build/arm_description' returned '0': CMAKE_PREFIX_PATH=${CMAKE_PREFIX_PATH}:/opt/ros/jazzy DEBUGINFOD_URLS=https://debuginfod.ubuntu.com /usr/bin/cmake /home/yorch/Documentos/archivos_de_programas/robotica/robotic_arm_cell_holder/src/arm_description -DCMAKE_INSTALL_PREFIX=/home/yorch/Documentos/archivos_de_programas/robotica/robotic_arm_cell_holder/install/arm_description
[0.858s] Invoking command in '/home/yorch/Documentos/archivos_de_programas/robotica/robotic_arm_cell_holder/build/arm_description': CMAKE_PREFIX_PATH=${CMAKE_PREFIX_PATH}:/opt/ros/jazzy DEBUGINFOD_URLS=https://debuginfod.ubuntu.com /usr/bin/cmake --build /home/yorch/Documentos/archivos_de_programas/robotica/robotic_arm_cell_holder/build/arm_description -- -j12 -l12
[0.895s] Invoked command in '/home/yorch/Documentos/archivos_de_programas/robotica/robotic_arm_cell_holder/build/arm_description' returned '0': CMAKE_PREFIX_PATH=${CMAKE_PREFIX_PATH}:/opt/ros/jazzy DEBUGINFOD_URLS=https://debuginfod.ubuntu.com /usr/bin/cmake --build /home/yorch/Documentos/archivos_de_programas/robotica/robotic_arm_cell_holder/build/arm_description -- -j12 -l12
[0.907s] Invoking command in '/home/yorch/Documentos/archivos_de_programas/robotica/robotic_arm_cell_holder/build/arm_description': CMAKE_PREFIX_PATH=${CMAKE_PREFIX_PATH}:/opt/ros/jazzy DEBUGINFOD_URLS=https://debuginfod.ubuntu.com /usr/bin/cmake --install /home/yorch/Documentos/archivos_de_programas/robotica/robotic_arm_cell_holder/build/arm_description
[0.919s] -- Install configuration: ""
[0.919s] -- Installing: /home/yorch/Documentos/archivos_de_programas/robotica/robotic_arm_cell_holder/install/arm_description/share/arm_description/launch
[0.919s] -- Installing: /home/yorch/Documentos/archivos_de_programas/robotica/robotic_arm_cell_holder/install/arm_description/share/arm_description/launch/view_arm.launch.py
[0.919s] -- Installing: /home/yorch/Documentos/archivos_de_programas/robotica/robotic_arm_cell_holder/install/arm_description/share/arm_description/urdf
[0.919s] -- Installing: /home/yorch/Documentos/archivos_de_programas/robotica/robotic_arm_cell_holder/install/arm_description/share/arm_description/urdf/urdf.xml
[0.920s] -- Installing: /home/yorch/Documentos/archivos_de_programas/robotica/robotic_arm_cell_holder/install/arm_description/share/arm_description/rviz
[0.920s] -- Installing: /home/yorch/Documentos/archivos_de_programas/robotica/robotic_arm_cell_holder/install/arm_description/share/arm_description/rviz/arm.rviz
[0.920s] -- Installing: /home/yorch/Documentos/archivos_de_programas/robotica/robotic_arm_cell_holder/install/arm_description/share/ament_index/resource_index/package_run_dependencies/arm_description
[0.920s] -- Installing: /home/yorch/Documentos/archivos_de_programas/robotica/robotic_arm_cell_holder/install/arm_description/share/ament_index/resource_index/parent_prefix_path/arm_description
[0.921s] -- Installing: /home/yorch/Documentos/archivos_de_programas/robotica/robotic_arm_cell_holder/install/arm_description/share/arm_description/environment/ament_prefix_path.sh
[0.921s] -- Installing: /home/yorch/Documentos/archivos_de_programas/robotica/robotic_arm_cell_holder/install/arm_description/share/arm_description/environment/ament_prefix_path.dsv
[0.921s] -- Installing: /home/yorch/Documentos/archivos_de_programas/robotica/robotic_arm_cell_holder/install/arm_description/share/arm_description/environment/path.sh
[0.921s] -- Installing: /home/yorch/Documentos/archivos_de_programas/robotica/robotic_arm_cell_holder/install/arm_description/share/arm_description/environment/path.dsv
[0.921s] -- Installing: /home/yorch/Documentos/archivos_de_programas/robotica/robotic_arm_cell_holder/install/arm_description/share/arm_description/local_setup.bash
[0.921s] -- Installing: /home/yorch/Documentos/archivos_de_programas/robotica/robotic_arm_cell_holder/install/arm_description/share/arm_description/local_setup.sh
[0.922s] -- Installing: /home/yorch/Documentos/archivos_de_programas/robotica/robotic_arm_cell_holder/install/arm_description/share/arm_description/local_setup.zsh
[0.922s] -- Installing: /home/yorch/Documentos/archivos_de_programas/robotica/robotic_arm_cell_holder/install/arm_description/share/arm_description/local_setup.dsv
[0.922s] -- Installing: /home/yorch/Documentos/archivos_de_programas/robotica/robotic_arm_cell_holder/install/arm_description/share/arm_description/package.dsv
[0.922s] -- Installing: /home/yorch/Documentos/archivos_de_programas/robotica/robotic_arm_cell_holder/install/arm_description/share/ament_index/resource_index/packages/arm_description
[0.922s] -- Installing: /home/yorch/Documentos/archivos_de_programas/robotica/robotic_arm_cell_holder/install/arm_description/share/arm_description/cmake/arm_descriptionConfig.cmake
[0.923s] -- Installing: /home/yorch/Documentos/archivos_de_programas/robotica/robotic_arm_cell_holder/install/arm_description/share/arm_description/cmake/arm_descriptionConfig-version.cmake
[0.923s] -- Installing: /home/yorch/Documentos/archivos_de_programas/robotica/robotic_arm_cell_holder/install/arm_description/share/arm_description/package.xml
[0.926s] Invoked command in '/home/yorch/Documentos/archivos_de_programas/robotica/robotic_arm_cell_holder/build/arm_description' returned '0': CMAKE_PREFIX_PATH=${CMAKE_PREFIX_PATH}:/opt/ros/jazzy DEBUGINFOD_URLS=https://debuginfod.ubuntu.com /usr/bin/cmake --install /home/yorch/Documentos/archivos_de_programas/robotica/robotic_arm_cell_holder/build/arm_description
