[0.025s] Invoking command in '/home/yorch/Documentos/archivos_de_programas/robotica/robotic_arm_cell_holder/build/arm_description': CMAKE_PREFIX_PATH=${CMAKE_PREFIX_PATH}:/opt/ros/jazzy DEBUGINFOD_URLS=https://debuginfod.ubuntu.com /usr/bin/cmake --build /home/yorch/Documentos/archivos_de_programas/robotica/robotic_arm_cell_holder/build/arm_description -- -j12 -l12
[0.097s] Invoked command in '/home/yorch/Documentos/archivos_de_programas/robotica/robotic_arm_cell_holder/build/arm_description' returned '0': CMAKE_PREFIX_PATH=${CMAKE_PREFIX_PATH}:/opt/ros/jazzy DEBUGINFOD_URLS=https://debuginfod.ubuntu.com /usr/bin/cmake --build /home/yorch/Documentos/archivos_de_programas/robotica/robotic_arm_cell_holder/build/arm_description -- -j12 -l12
[0.117s] Invoking command in '/home/yorch/Documentos/archivos_de_programas/robotica/robotic_arm_cell_holder/build/arm_description': CMAKE_PREFIX_PATH=${CMAKE_PREFIX_PATH}:/opt/ros/jazzy DEBUGINFOD_URLS=https://debuginfod.ubuntu.com /usr/bin/cmake --install /home/yorch/Documentos/archivos_de_programas/robotica/robotic_arm_cell_holder/build/arm_description
[0.132s] -- Install configuration: ""
[0.132s] -- Up-to-date: /home/yorch/Documentos/archivos_de_programas/robotica/robotic_arm_cell_holder/install/arm_description/share/arm_description/launch
[0.132s] -- Up-to-date: /home/yorch/Documentos/archivos_de_programas/robotica/robotic_arm_cell_holder/install/arm_description/share/arm_description/launch/view_arm.launch.py
[0.133s] -- Up-to-date: /home/yorch/Documentos/archivos_de_programas/robotica/robotic_arm_cell_holder/install/arm_description/share/arm_description/urdf
[0.133s] -- Up-to-date: /home/yorch/Documentos/archivos_de_programas/robotica/robotic_arm_cell_holder/install/arm_description/share/arm_description/urdf/urdf.xml
[0.133s] -- Installing: /home/yorch/Documentos/archivos_de_programas/robotica/robotic_arm_cell_holder/install/arm_description/share/arm_description/urdf/urdf2.xml
[0.133s] -- Up-to-date: /home/yorch/Documentos/archivos_de_programas/robotica/robotic_arm_cell_holder/install/arm_description/share/arm_description/rviz
[0.134s] -- Up-to-date: /home/yorch/Documentos/archivos_de_programas/robotica/robotic_arm_cell_holder/install/arm_description/share/arm_description/rviz/arm.rviz
[0.134s] -- Up-to-date: /home/yorch/Documentos/archivos_de_programas/robotica/robotic_arm_cell_holder/install/arm_description/share/ament_index/resource_index/package_run_dependencies/arm_description
[0.134s] -- Up-to-date: /home/yorch/Documentos/archivos_de_programas/robotica/robotic_arm_cell_holder/install/arm_description/share/ament_index/resource_index/parent_prefix_path/arm_description
[0.134s] -- Up-to-date: /home/yorch/Documentos/archivos_de_programas/robotica/robotic_arm_cell_holder/install/arm_description/share/arm_description/environment/ament_prefix_path.sh
[0.134s] -- Up-to-date: /home/yorch/Documentos/archivos_de_programas/robotica/robotic_arm_cell_holder/install/arm_description/share/arm_description/environment/ament_prefix_path.dsv
[0.135s] -- Up-to-date: /home/yorch/Documentos/archivos_de_programas/robotica/robotic_arm_cell_holder/install/arm_description/share/arm_description/environment/path.sh
[0.135s] -- Up-to-date: /home/yorch/Documentos/archivos_de_programas/robotica/robotic_arm_cell_holder/install/arm_description/share/arm_description/environment/path.dsv
[0.135s] -- Up-to-date: /home/yorch/Documentos/archivos_de_programas/robotica/robotic_arm_cell_holder/install/arm_description/share/arm_description/local_setup.bash
[0.136s] -- Up-to-date: /home/yorch/Documentos/archivos_de_programas/robotica/robotic_arm_cell_holder/install/arm_description/share/arm_description/local_setup.sh
[0.137s] -- Up-to-date: /home/yorch/Documentos/archivos_de_programas/robotica/robotic_arm_cell_holder/install/arm_description/share/arm_description/local_setup.zsh
[0.137s] -- Up-to-date: /home/yorch/Documentos/archivos_de_programas/robotica/robotic_arm_cell_holder/install/arm_description/share/arm_description/local_setup.dsv
[0.138s] -- Installing: /home/yorch/Documentos/archivos_de_programas/robotica/robotic_arm_cell_holder/install/arm_description/share/arm_description/package.dsv
[0.138s] -- Up-to-date: /home/yorch/Documentos/archivos_de_programas/robotica/robotic_arm_cell_holder/install/arm_description/share/ament_index/resource_index/packages/arm_description
[0.138s] -- Up-to-date: /home/yorch/Documentos/archivos_de_programas/robotica/robotic_arm_cell_holder/install/arm_description/share/arm_description/cmake/arm_descriptionConfig.cmake
[0.139s] -- Up-to-date: /home/yorch/Documentos/archivos_de_programas/robotica/robotic_arm_cell_holder/install/arm_description/share/arm_description/cmake/arm_descriptionConfig-version.cmake
[0.139s] -- Up-to-date: /home/yorch/Documentos/archivos_de_programas/robotica/robotic_arm_cell_holder/install/arm_description/share/arm_description/package.xml
[0.139s] Invoked command in '/home/yorch/Documentos/archivos_de_programas/robotica/robotic_arm_cell_holder/build/arm_description' returned '0': CMAKE_PREFIX_PATH=${CMAKE_PREFIX_PATH}:/opt/ros/jazzy DEBUGINFOD_URLS=https://debuginfod.ubuntu.com /usr/bin/cmake --install /home/yorch/Documentos/archivos_de_programas/robotica/robotic_arm_cell_holder/build/arm_description
